// Vitest Snapshot v1

exports[`Tests on <SearchPage/> > Should show correctly with default values 1`] = `
<div>
  <h1>
    Search
  </h1>
  <hr />
  <div
    class="row"
  >
    <div
      class="col-5"
    >
      <h4>
        Searching ...
      </h4>
      <hr />
      <form
        aria-label="form"
      >
        <input
          autocomplete="off"
          class="form-control mt-4"
          name="searchText"
          placeholder="Search a hero"
          type="text"
          value=""
        />
        <button
          class="btn btn-outline-primary mt-4"
          disabled=""
          type="submit"
        >
          Search
        </button>
      </form>
    </div>
    <div
      class="col-7"
    >
      <h4>
        Results
      </h4>
      <hr />
      <div
        aria-label="searchHero"
        class="alert alert-primary animate__animated animate__fadeIn"
      >
        Search a hero
      </div>
      <div
        aria-label="heroNotFound"
        class="alert alert-danger animate__animated animate__fadeIn"
        style="display: none;"
      >
        Hero not found with 
        <b />
      </div>
    </div>
  </div>
</div>
`;
